// Jest Snapshot v1, https://goo.gl/fbAQLP

exports[`<SearchBar /> Render should render correctly 1`] = `
ShallowWrapper {
  Symbol(enzyme.__root__): [Circular],
  Symbol(enzyme.__unrendered__): <SearchBar
    filter="all"
    onChange={[MockFunction]}
    onCheck={[MockFunction]}
    onSubmit={[MockFunction]}
    searchValue="test"
  />,
  Symbol(enzyme.__renderer__): Object {
    "batchedUpdates": [Function],
    "getNode": [Function],
    "render": [Function],
    "simulateError": [Function],
    "simulateEvent": [Function],
    "unmount": [Function],
  },
  Symbol(enzyme.__node__): Object {
    "instance": null,
    "key": undefined,
    "nodeType": "host",
    "props": Object {
      "children": <form
        onSubmit={[Function]}
      >
        <SearchInput
          onChange={[MockFunction]}
          searchValue="test"
        />
        <div>
          <button
            type="submit"
          >
            Search
          </button>
        </div>
        <div
          className="SearchRadio"
        >
          <input
            checked={true}
            id="All"
            name="filter"
            onChange={[Function]}
            type="radio"
          />
          <label
            htmlFor="All"
            id="All-radio"
          >
            All
          </label>
        </div>
        <div
          className="SearchRadio"
        >
          <input
            checked={false}
            id="Title"
            name="filter"
            onChange={[Function]}
            type="radio"
          />
          <label
            htmlFor="Title"
            id="Title-radio"
          >
            Title
          </label>
        </div>
        <div
          className="SearchRadio"
        >
          <input
            checked={false}
            id="IMDb"
            name="filter"
            onChange={[Function]}
            type="radio"
          />
          <label
            htmlFor="IMDb"
            id="IMDb-radio"
          >
            IMDb
          </label>
        </div>
      </form>,
      "className": "SearchBar",
    },
    "ref": null,
    "rendered": Object {
      "instance": null,
      "key": undefined,
      "nodeType": "host",
      "props": Object {
        "children": Array [
          <SearchInput
            onChange={[MockFunction]}
            searchValue="test"
          />,
          <div>
            <button
              type="submit"
            >
              Search
            </button>
          </div>,
          Array [
            <div
              className="SearchRadio"
            >
              <input
                checked={true}
                id="All"
                name="filter"
                onChange={[Function]}
                type="radio"
              />
              <label
                htmlFor="All"
                id="All-radio"
              >
                All
              </label>
            </div>,
            <div
              className="SearchRadio"
            >
              <input
                checked={false}
                id="Title"
                name="filter"
                onChange={[Function]}
                type="radio"
              />
              <label
                htmlFor="Title"
                id="Title-radio"
              >
                Title
              </label>
            </div>,
            <div
              className="SearchRadio"
            >
              <input
                checked={false}
                id="IMDb"
                name="filter"
                onChange={[Function]}
                type="radio"
              />
              <label
                htmlFor="IMDb"
                id="IMDb-radio"
              >
                IMDb
              </label>
            </div>,
          ],
        ],
        "onSubmit": [Function],
      },
      "ref": null,
      "rendered": Array [
        Object {
          "instance": null,
          "key": undefined,
          "nodeType": "function",
          "props": Object {
            "onChange": [MockFunction],
            "searchValue": "test",
          },
          "ref": null,
          "rendered": null,
          "type": [Function],
        },
        Object {
          "instance": null,
          "key": undefined,
          "nodeType": "host",
          "props": Object {
            "children": <button
              type="submit"
            >
              Search
            </button>,
          },
          "ref": null,
          "rendered": Object {
            "instance": null,
            "key": undefined,
            "nodeType": "host",
            "props": Object {
              "children": "Search",
              "type": "submit",
            },
            "ref": null,
            "rendered": "Search",
            "type": "button",
          },
          "type": "div",
        },
        Object {
          "instance": null,
          "key": "All",
          "nodeType": "host",
          "props": Object {
            "children": Array [
              <input
                checked={true}
                id="All"
                name="filter"
                onChange={[Function]}
                type="radio"
              />,
              <label
                htmlFor="All"
                id="All-radio"
              >
                All
              </label>,
            ],
            "className": "SearchRadio",
          },
          "ref": null,
          "rendered": Array [
            Object {
              "instance": null,
              "key": undefined,
              "nodeType": "host",
              "props": Object {
                "checked": true,
                "id": "All",
                "name": "filter",
                "onChange": [Function],
                "type": "radio",
              },
              "ref": null,
              "rendered": null,
              "type": "input",
            },
            Object {
              "instance": null,
              "key": undefined,
              "nodeType": "host",
              "props": Object {
                "children": "All",
                "htmlFor": "All",
                "id": "All-radio",
              },
              "ref": null,
              "rendered": "All",
              "type": "label",
            },
          ],
          "type": "div",
        },
        Object {
          "instance": null,
          "key": "Title",
          "nodeType": "host",
          "props": Object {
            "children": Array [
              <input
                checked={false}
                id="Title"
                name="filter"
                onChange={[Function]}
                type="radio"
              />,
              <label
                htmlFor="Title"
                id="Title-radio"
              >
                Title
              </label>,
            ],
            "className": "SearchRadio",
          },
          "ref": null,
          "rendered": Array [
            Object {
              "instance": null,
              "key": undefined,
              "nodeType": "host",
              "props": Object {
                "checked": false,
                "id": "Title",
                "name": "filter",
                "onChange": [Function],
                "type": "radio",
              },
              "ref": null,
              "rendered": null,
              "type": "input",
            },
            Object {
              "instance": null,
              "key": undefined,
              "nodeType": "host",
              "props": Object {
                "children": "Title",
                "htmlFor": "Title",
                "id": "Title-radio",
              },
              "ref": null,
              "rendered": "Title",
              "type": "label",
            },
          ],
          "type": "div",
        },
        Object {
          "instance": null,
          "key": "IMDb",
          "nodeType": "host",
          "props": Object {
            "children": Array [
              <input
                checked={false}
                id="IMDb"
                name="filter"
                onChange={[Function]}
                type="radio"
              />,
              <label
                htmlFor="IMDb"
                id="IMDb-radio"
              >
                IMDb
              </label>,
            ],
            "className": "SearchRadio",
          },
          "ref": null,
          "rendered": Array [
            Object {
              "instance": null,
              "key": undefined,
              "nodeType": "host",
              "props": Object {
                "checked": false,
                "id": "IMDb",
                "name": "filter",
                "onChange": [Function],
                "type": "radio",
              },
              "ref": null,
              "rendered": null,
              "type": "input",
            },
            Object {
              "instance": null,
              "key": undefined,
              "nodeType": "host",
              "props": Object {
                "children": "IMDb",
                "htmlFor": "IMDb",
                "id": "IMDb-radio",
              },
              "ref": null,
              "rendered": "IMDb",
              "type": "label",
            },
          ],
          "type": "div",
        },
      ],
      "type": "form",
    },
    "type": "div",
  },
  Symbol(enzyme.__nodes__): Array [
    Object {
      "instance": null,
      "key": undefined,
      "nodeType": "host",
      "props": Object {
        "children": <form
          onSubmit={[Function]}
        >
          <SearchInput
            onChange={[MockFunction]}
            searchValue="test"
          />
          <div>
            <button
              type="submit"
            >
              Search
            </button>
          </div>
          <div
            className="SearchRadio"
          >
            <input
              checked={true}
              id="All"
              name="filter"
              onChange={[Function]}
              type="radio"
            />
            <label
              htmlFor="All"
              id="All-radio"
            >
              All
            </label>
          </div>
          <div
            className="SearchRadio"
          >
            <input
              checked={false}
              id="Title"
              name="filter"
              onChange={[Function]}
              type="radio"
            />
            <label
              htmlFor="Title"
              id="Title-radio"
            >
              Title
            </label>
          </div>
          <div
            className="SearchRadio"
          >
            <input
              checked={false}
              id="IMDb"
              name="filter"
              onChange={[Function]}
              type="radio"
            />
            <label
              htmlFor="IMDb"
              id="IMDb-radio"
            >
              IMDb
            </label>
          </div>
        </form>,
        "className": "SearchBar",
      },
      "ref": null,
      "rendered": Object {
        "instance": null,
        "key": undefined,
        "nodeType": "host",
        "props": Object {
          "children": Array [
            <SearchInput
              onChange={[MockFunction]}
              searchValue="test"
            />,
            <div>
              <button
                type="submit"
              >
                Search
              </button>
            </div>,
            Array [
              <div
                className="SearchRadio"
              >
                <input
                  checked={true}
                  id="All"
                  name="filter"
                  onChange={[Function]}
                  type="radio"
                />
                <label
                  htmlFor="All"
                  id="All-radio"
                >
                  All
                </label>
              </div>,
              <div
                className="SearchRadio"
              >
                <input
                  checked={false}
                  id="Title"
                  name="filter"
                  onChange={[Function]}
                  type="radio"
                />
                <label
                  htmlFor="Title"
                  id="Title-radio"
                >
                  Title
                </label>
              </div>,
              <div
                className="SearchRadio"
              >
                <input
                  checked={false}
                  id="IMDb"
                  name="filter"
                  onChange={[Function]}
                  type="radio"
                />
                <label
                  htmlFor="IMDb"
                  id="IMDb-radio"
                >
                  IMDb
                </label>
              </div>,
            ],
          ],
          "onSubmit": [Function],
        },
        "ref": null,
        "rendered": Array [
          Object {
            "instance": null,
            "key": undefined,
            "nodeType": "function",
            "props": Object {
              "onChange": [MockFunction],
              "searchValue": "test",
            },
            "ref": null,
            "rendered": null,
            "type": [Function],
          },
          Object {
            "instance": null,
            "key": undefined,
            "nodeType": "host",
            "props": Object {
              "children": <button
                type="submit"
              >
                Search
              </button>,
            },
            "ref": null,
            "rendered": Object {
              "instance": null,
              "key": undefined,
              "nodeType": "host",
              "props": Object {
                "children": "Search",
                "type": "submit",
              },
              "ref": null,
              "rendered": "Search",
              "type": "button",
            },
            "type": "div",
          },
          Object {
            "instance": null,
            "key": "All",
            "nodeType": "host",
            "props": Object {
              "children": Array [
                <input
                  checked={true}
                  id="All"
                  name="filter"
                  onChange={[Function]}
                  type="radio"
                />,
                <label
                  htmlFor="All"
                  id="All-radio"
                >
                  All
                </label>,
              ],
              "className": "SearchRadio",
            },
            "ref": null,
            "rendered": Array [
              Object {
                "instance": null,
                "key": undefined,
                "nodeType": "host",
                "props": Object {
                  "checked": true,
                  "id": "All",
                  "name": "filter",
                  "onChange": [Function],
                  "type": "radio",
                },
                "ref": null,
                "rendered": null,
                "type": "input",
              },
              Object {
                "instance": null,
                "key": undefined,
                "nodeType": "host",
                "props": Object {
                  "children": "All",
                  "htmlFor": "All",
                  "id": "All-radio",
                },
                "ref": null,
                "rendered": "All",
                "type": "label",
              },
            ],
            "type": "div",
          },
          Object {
            "instance": null,
            "key": "Title",
            "nodeType": "host",
            "props": Object {
              "children": Array [
                <input
                  checked={false}
                  id="Title"
                  name="filter"
                  onChange={[Function]}
                  type="radio"
                />,
                <label
                  htmlFor="Title"
                  id="Title-radio"
                >
                  Title
                </label>,
              ],
              "className": "SearchRadio",
            },
            "ref": null,
            "rendered": Array [
              Object {
                "instance": null,
                "key": undefined,
                "nodeType": "host",
                "props": Object {
                  "checked": false,
                  "id": "Title",
                  "name": "filter",
                  "onChange": [Function],
                  "type": "radio",
                },
                "ref": null,
                "rendered": null,
                "type": "input",
              },
              Object {
                "instance": null,
                "key": undefined,
                "nodeType": "host",
                "props": Object {
                  "children": "Title",
                  "htmlFor": "Title",
                  "id": "Title-radio",
                },
                "ref": null,
                "rendered": "Title",
                "type": "label",
              },
            ],
            "type": "div",
          },
          Object {
            "instance": null,
            "key": "IMDb",
            "nodeType": "host",
            "props": Object {
              "children": Array [
                <input
                  checked={false}
                  id="IMDb"
                  name="filter"
                  onChange={[Function]}
                  type="radio"
                />,
                <label
                  htmlFor="IMDb"
                  id="IMDb-radio"
                >
                  IMDb
                </label>,
              ],
              "className": "SearchRadio",
            },
            "ref": null,
            "rendered": Array [
              Object {
                "instance": null,
                "key": undefined,
                "nodeType": "host",
                "props": Object {
                  "checked": false,
                  "id": "IMDb",
                  "name": "filter",
                  "onChange": [Function],
                  "type": "radio",
                },
                "ref": null,
                "rendered": null,
                "type": "input",
              },
              Object {
                "instance": null,
                "key": undefined,
                "nodeType": "host",
                "props": Object {
                  "children": "IMDb",
                  "htmlFor": "IMDb",
                  "id": "IMDb-radio",
                },
                "ref": null,
                "rendered": "IMDb",
                "type": "label",
              },
            ],
            "type": "div",
          },
        ],
        "type": "form",
      },
      "type": "div",
    },
  ],
  Symbol(enzyme.__options__): Object {
    "adapter": ReactSixteenAdapter {
      "options": Object {
        "enableComponentDidUpdateOnSetState": true,
        "lifecycles": Object {
          "componentDidUpdate": Object {
            "onSetState": true,
          },
          "getDerivedStateFromProps": true,
          "getSnapshotBeforeUpdate": true,
          "setState": Object {
            "skipsComponentDidUpdateOnNullish": true,
          },
        },
      },
    },
  },
}
`;
